##fileformat=VCFv4.1
##FILTER=<ID=PASS,Description="All filters passed">
##contig=<ID=1,assembly=b37,length=249250621>
##reference=file:///lustre/scratch105/projects/g1k/ref/main_project/human_g1k_v37.fasta
##FILTER=<ID=ori_filter1,Description="Test">
##FILTER=<ID=ori_filter2,Description="Test">
##INFO=<ID=FILTER,Number=1,Type=String,Description="Transferred FILTER column">
#CHROM	POS	ID	REF	ALT	QUAL	FILTER	INFO
1	3000001	ori_id	C	T	.	ori_filter1;ori_filter2	FILTER=filter_filter
