>1:11-19
AAGTACGT
>2:11-19
AAGTACGT
>3:11-19
AAGTACGT
>4:11-19
AAGTACGT
>5:11-19
AAGTACGT
