DCv2	A	B	0.000000e+00	5.753641e-01	1	1
DCv2	B	C	9.210340e+00	0.000000e+00	1	0
