DCv2	A	D	2.302585e+00	0.000000e+00	1	0
DCv2	A	E	4.605170e+00	0.000000e+00	1	0
DCv2	D	E	2.302585e+00	0.000000e+00	1	0
