DCv2	B	A	0	1.126897e+00	2	2
DCv2	C	A	1	8.675006e-01	2	1
DCv2	C	B	1	8.675006e-01	2	1
DCv2	D	A	2	0.000000e+00	2	0
DCv2	D	B	2	0.000000e+00	2	0
DCv2	D	C	2	0.000000e+00	2	0
DCv2	E	A	2	0.000000e+00	2	0
DCv2	E	B	2	0.000000e+00	2	0
DCv2	E	C	1	1.386294e+00	2	1
DCv2	E	D	1	7.133499e-01	2	1
