DCv2	B	A	5.733631e-01	1.126897e+00	2	2
DCv2	C	A	4.938053e+00	8.675006e-01	2	1
DCv2	C	B	2.791391e+00	8.675006e-01	2	1
DCv2	D	A	5.022610e+00	0.000000e+00	2	0
DCv2	D	B	5.178533e+00	0.000000e+00	2	0
DCv2	D	C	4.938053e+00	0.000000e+00	2	0
DCv2	E	A	7.325195e+00	0.000000e+00	2	0
DCv2	E	B	5.178533e+00	0.000000e+00	2	0
DCv2	E	C	2.635468e+00	1.386294e+00	2	1
DCv2	E	D	2.720025e+00	7.133499e-01	2	1
