DCv2	B	C	1	8.675006e-01	2	1
DCv2	B	D	2	0.000000e+00	2	0
