DCv2	D	C	2	0.000000e+00	2	0
DCv2	E	C	1	1.386294e+00	2	1
DCv2	E	D	1	7.133499e-01	2	1
