DCv2	smpl	x1	9.210340e+01	8.109302e-01	6	1
DCv2	smpl	x2	1.842068e+01	9.518185e-01	6	5
DCv2	smpl	x3	0.000000e+00	9.518185e-01	5	5
DCv2	smpl	x4	5.526204e+01	7.324082e-01	6	3
DCv2	smpl	x5	0.000000e+00	9.634573e-01	6	6
DCv2	smpl	x6	7.368272e+01	6.931472e-01	6	2
