DCv2	A	B	3	5.877867e-01	9	6
DCv2	C	D	6	3.646431e-01	9	3
DCv2	E	F	9	0.000000e+00	9	0
DS	1	3	3	0
DS	2	3	3	1
DS	3	3	3	2
DS	3	2	2	3
