#CHROM	POS	ID	REF	ALT	QUAL	FILTER	INFO	FORMAT	sample1	sample2
chr1	212740	.	A	G,<*>	0	.	DP=73;I16=0,0,39,4,0,0,2743,192525,0,0,2580,154800,0,0,825,18621;QS=0,2,0;VDB=0.520868;SGB=-1.38232;MQSB=1;MQ0F=0	PL:DP:AD	255,72,0,255,72,255:24:0,24,0	255,57,0,255,57,255:19:0,19,0
