##fileformat=VCFv4.2
##FILTER=<ID=PASS,Description="All filters passed">
##reference=file://ref/Zmays_493_APGv4.fa
##contig=<ID=1,length=307041717>
##FORMAT=<ID=AD,Number=R,Type=Integer,Description="Allelic depths (high-quality bases)">
##FORMAT=<ID=GT,Number=1,Type=String,Description="Genotype">
#CHROM	POS	ID	REF	ALT	QUAL	FILTER	INFO	FORMAT	1	2	3	4	5	6	24	25	26	27	28	29
1	5695120	.	C	T	863.255	.	.	GT:AD	./.:0,0	0/0:389,0	0/0:475,0	0/0:597,0	0/0:262,0	0/0:1428,0	0/0:26,0	0/0:1279,0	0/0:820,0	0/0:616,0	0/0:123,0	0/0:1026,0
1	6070233	.	G	C,A	10355.5	.	.	GT:AD	0/0:918,1,0	1/1:0,19,0	1/1:1,355,0	0/2:181,1,136	1/1:0,634,0	0/0:1219,0,0	1/1:0,365,.	1/1:1,428,.	0/0:751,0,.	1/1:1,837,.	0/0:308,1,.	1/1:0,1113,.
1	7988614	.	C	T	1143.54	.	.	GT:AD	0/0:441,.	0/0:278,.	0/0:722,.	0/0:614,.	0/0:321,.	0/0:515,.	0/0:2,0	0/0:600,0	0/0:769,0	0/0:450,0	0/0:300,0	0/0:166,0
1	11301504	.	C	.	22.0947	.	.	GT:AD	0/0:81	0/0:136	./.:0	0/0:161	0/0:417	0/0:241	0/0:178	0/0:226	0/0:32	0/0:138	./.:0	0/0:353
