2	21444416	.	G	.	.	.	END=21444429;MinDP=5;QS=1	PL:DP	0:5
2	21444430	.	TCAA	T,TAA	0	.	QS=0.603659,0.304878,0.0914634	PL:DP:DV	37,0,79,35,73,113:5:2
2	21444431	.	C	.	.	.	MinDP=4;QS=1	PL:DP	0:4
2	21444431	.	CA	C	0	.	QS=0.75,0.25	PL:DP:DV	0,4,10:4:1
2	21444433	.	C	.	0	.	END=21444444;QS=0.75	PL:DP:DV	0:4:1
3	1	.	C	.	0	.	END=10;MinDP=33;QS=0.75	PL:DP:DV	0:4:1
1	1619670	.	C	.	0	.	END=1619877;MinDP=33;QS=0.75	PL:DP:DV	0:4:1
4	20000975	.	C	.	0	.	END=20001070;MinDP=33;QS=0.75	PL:DP:DV	0:4:1
4	20001071	.	T	G	0	.	.	PL:DP:DV	0,4,10:4:1
5	110285	.	TAACCCC	T	.	.	.	PL	89,6,0
5	1110285	.	T	TAACCCC	.	.	.	PL	89,6,0
6	600	.	T	.	.	.	END=666	PL	66
7	701	.	T	.	.	.	END=702	PL	77
7	703	.	T	.	.	.	END=777	PL	77
8	1	.	T	.	.	.	END=10	PL	88
