##fileformat=VCFv4.2
##FILTER=<ID=PASS,Description="All filters passed">
##contig=<ID=chr1,length=248387328>
##contig=<ID=chr2,length=242696752>
##contig=<ID=chr3,length=201105948>
##reference=file:ref.fa
#CHROM	POS	ID	REF	ALT	QUAL	FILTER	INFO
chr1	29291	.	C	T,G,A	.	.	.
chr2	29292	.	T	C	.	.	.
chr2	29292	.	T	TCCCTCTCCTTTCTCCTCTCTAGCC,TCTCTTTCTCACTGTCTCTCTAGCC,TCCCTCTCCTTTCTCCTCTCTAGC,TCCATCTGTATCCTCTCTAAGC,TCCCTCTCCTTTCTCCTCAGCC,TCCCTCTCCCTTTCTCCTCTCTAGCC,TCCTCTCCTTTCTCCTCTACCGC,TCCCTCTCCTTTCTCTCTCTAGCC,TCCCTCTCCTTTCTCCTCTAGCC,TCCCTCTCCTTTTCCTCCCCAGCC,TCCCTCTCCTTCTCCTCTCTAGCC,TCCCTCTCCCTTCTCCTCTCTCAC	.	.	.
chr3	29292	.	T	TCCCTCTCCTTTCTCCTCTCTAGCC,TCTCTTTCTCACTGTCTCTCTAGCC,TCCCTCTCCTTTCTCCTCTCTAGC,TCCATCTGTATCCTCTCTAAGC,TCCCTCTCCTTTCTCCTCAGCC,TCCCTCTCCCTTTCTCCTCTCTAGCC,TCCTCTCCTTTCTCCTCTACCGC,TCCCTCTCCTTTCTCTCTCTAGCC,TCCCTCTCCTTTCTCCTCTAGCC,TCCCTCTCCTTTTCCTCCCCAGCC,TCCCTCTCCTTCTCCTCTCTAGCC,TCCCTCTCCCTTCTCCTCTCTCAC	.	.	.
chr3	29292	.	T	CGTA	.	.	.
