##fileformat=VCFv4.2
##FILTER=<ID=PASS,Description="All filters passed">
##contig=<ID=7,length=249250621>
##INFO=<ID=type,Number=.,Type=String,Description="">
##INFO=<ID=EXP,Number=1,Type=String,Description="Expected consequence">
##INFO=<ID=EXPL,Number=1,Type=String,Description="Expected consequence with bt/csq -l">
##INFO=<ID=ORI,Number=1,Type=String,Description="Original variant. Format: CHR|POS|REF|ALT|USED_ALT_IDX">
#CHROM	POS	ID	REF	ALT	QUAL	FILTER	INFO
7	900	.	ATTAAGAGAA	A	.	.	ORI=7|897|GGAATTAAGA|G
7	910	.	G	C	.	.	.
