#[1]C:CHROM [2]C:POS  [3]C:SAMPLE [4]C:DP [5]C:GT	[6]D:CHROM [7]D:POS  [8]D:SAMPLE [9]D:DP [10]D:GT	
4 3258449  C 1 1/1	4 3258449  D 0 0/0	
