#CHROM POS C:SAMPLE D:SAMPLE C:DP D:DP C:GT D:GT
4 3258449 C D 1 0 1/1 0/0
