3000154	0/1	A	30,13,0
3000156	1/0	A	30,14,0
3000158	2/0	A	0,5,30
