#[1]CHROM [2]POS  [3]SAMPLE [4]DP [5]GT
4 3258449  C 1 1/1
4 3258449  D 0 0/0
