#[1]CHROM [2]POS [3]C:SAMPLE [4]D:SAMPLE [5]C:DP [6]D:DP [7]C:GT [8]D:GT
4 3258449 C D 1 0 1/1 0/0
