1000000 . . missense_variant
1529299 . . 3_prime_UTR_variant&NMD_transcript_variant
1789242 .,.,.,.,.,.,.,.,.,.,.,.,.,.,.,.,.,.,.,.,.,.,.,.,.,.,.,. .,.,.,.,.,.,.,.,.,.,.,.,.,.,.,.,.,.,.,.,.,.,.,.,.,.,.,. downstream_gene_variant,missense_variant,non_coding_transcript_exon_variant,non_coding_transcript_exon_variant,missense_variant,missense_variant,missense_variant,missense_variant,missense_variant,synonymous_variant&NMD_transcript_variant,missense_variant,missense_variant,upstream_gene_variant,missense_variant,missense_variant,missense_variant,missense_variant,missense_variant,missense_variant,missense_variant,missense_variant,missense_variant,missense_variant,missense_variant,missense_variant,missense_variant,regulatory_region_variant,regulatory_region_variant
1804496 .,.,.,.,.,.,.,.,.,.,.,.,.,.,.,.,.,.,.,.,.,.,.,.,. .,.,.,.,.,.,.,.,.,.,.,.,.,.,.,.,.,.,.,.,.,.,.,.,. missense_variant,downstream_gene_variant,missense_variant,non_coding_transcript_exon_variant,missense_variant,missense_variant,missense_variant,missense_variant,missense_variant,missense_variant&NMD_transcript_variant,missense_variant,missense_variant,missense_variant,missense_variant,missense_variant,missense_variant,missense_variant,missense_variant,missense_variant,missense_variant,missense_variant,missense_variant,missense_variant,missense_variant,missense_variant
