1789242 YES NM_002074.5 missense_variant
1804496 YES NM_002074.5 missense_variant
