1:1000 ENSG00000082996 missense_variant
1:2000 ENSG00000177045 missense_variant
1:4000 ENSG00000147403 missense_variant
