chr1 97630165 	 .,.
chr1 116938163 	 0.015909,0.015909,0.015909,0.015909
chr1 132003572 	 .,.,.,.,.,.
